
> nhm-frontend@0.1.0 check
> svelte-kit sync && svelte-check --tsconfig ./tsconfig.json

1791222619222 START "/Users/Home/Downloads/miniproject/frontend"
1791222619223 WARNING "src/lib/components/dashboard/MultiLine.svelte" 19:21 "This reference only captures the initial value of `height`. Did you mean to reference it inside a closure instead?\nhttps://svelte.dev/e/state_referenced_locally"
1791222619230 WARNING "src/lib/components/dashboard/DashboardShell.svelte" 40:533 "Unused CSS selector \".brand-mark\"\nhttps://svelte.dev/e/css_unused_selector"
1791222619230 WARNING "src/lib/components/dashboard/DashboardShell.svelte" 40:688 "Unused CSS selector \".brand-mark:before\"\nhttps://svelte.dev/e/css_unused_selector"
1791222619230 WARNING "src/lib/components/dashboard/DashboardShell.svelte" 40:707 "Unused CSS selector \".brand-mark:after\"\nhttps://svelte.dev/e/css_unused_selector"
1791222619230 WARNING "src/lib/components/dashboard/DashboardShell.svelte" 40:773 "Unused CSS selector \".brand-mark:before\"\nhttps://svelte.dev/e/css_unused_selector"
1791222619230 WARNING "src/lib/components/dashboard/DashboardShell.svelte" 40:833 "Unused CSS selector \".brand-mark:after\"\nhttps://svelte.dev/e/css_unused_selector"
1791222619230 WARNING "src/lib/components/dashboard/DashboardShell.svelte" 40:892 "Unused CSS selector \".brand-mark i\"\nhttps://svelte.dev/e/css_unused_selector"
1791222619230 WARNING "src/lib/components/dashboard/DashboardShell.svelte" 40:971 "Unused CSS selector \".brand-mark b\"\nhttps://svelte.dev/e/css_unused_selector"
1791222619230 WARNING "src/lib/components/dashboard/DashboardShell.svelte" 40:1040 "Unused CSS selector \".brand-copy\"\nhttps://svelte.dev/e/css_unused_selector"
1791222619230 WARNING "src/lib/components/dashboard/DashboardShell.svelte" 40:1073 "Unused CSS selector \".brand-copy strong\"\nhttps://svelte.dev/e/css_unused_selector"
1791222619230 WARNING "src/lib/components/dashboard/DashboardShell.svelte" 40:1154 "Unused CSS selector \".brand-copy small\"\nhttps://svelte.dev/e/css_unused_selector"
1791222619230 WARNING "src/lib/components/dashboard/DashboardShell.svelte" 40:1334 "Unused CSS selector \".nav-caption span\"\nhttps://svelte.dev/e/css_unused_selector"
1791222619230 WARNING "src/lib/components/dashboard/DashboardShell.svelte" 40:2372 "Unused CSS selector \".edge-card\"\nhttps://svelte.dev/e/css_unused_selector"
1791222619230 WARNING "src/lib/components/dashboard/DashboardShell.svelte" 40:2476 "Unused CSS selector \".edge-head\"\nhttps://svelte.dev/e/css_unused_selector"
1791222619230 WARNING "src/lib/components/dashboard/DashboardShell.svelte" 40:2487 "Unused CSS selector \".edge-vitals\"\nhttps://svelte.dev/e/css_unused_selector"
1791222619230 WARNING "src/lib/components/dashboard/DashboardShell.svelte" 40:2562 "Unused CSS selector \".edge-head span\"\nhttps://svelte.dev/e/css_unused_selector"
1791222619230 WARNING "src/lib/components/dashboard/DashboardShell.svelte" 40:2578 "Unused CSS selector \".edge-vitals\"\nhttps://svelte.dev/e/css_unused_selector"
1791222619230 WARNING "src/lib/components/dashboard/DashboardShell.svelte" 40:2661 "Unused CSS selector \".edge-head b\"\nhttps://svelte.dev/e/css_unused_selector"
1791222619230 WARNING "src/lib/components/dashboard/DashboardShell.svelte" 40:2724 "Unused CSS selector \".edge-card svg\"\nhttps://svelte.dev/e/css_unused_selector"
1791222619230 WARNING "src/lib/components/dashboard/DashboardShell.svelte" 40:2779 "Unused CSS selector \".edge-card polyline\"\nhttps://svelte.dev/e/css_unused_selector"
1791222619230 WARNING "src/lib/components/dashboard/DashboardShell.svelte" 40:2912 "Unused CSS selector \".edge-vitals i\"\nhttps://svelte.dev/e/css_unused_selector"
1791222619230 WARNING "src/lib/components/dashboard/DashboardShell.svelte" 40:3876 "Unused CSS selector \".header-route i\"\nhttps://svelte.dev/e/css_unused_selector"
1791222619230 WARNING "src/lib/components/dashboard/DashboardShell.svelte" 40:3933 "Unused CSS selector \".header-route b\"\nhttps://svelte.dev/e/css_unused_selector"
1791222619230 WARNING "src/lib/components/dashboard/DashboardShell.svelte" 40:4114 "Unused CSS selector \".header-readouts small\"\nhttps://svelte.dev/e/css_unused_selector"
1791222619230 WARNING "src/lib/components/dashboard/DashboardShell.svelte" 40:4943 "Unused CSS selector \".header-route i\"\nhttps://svelte.dev/e/css_unused_selector"
1791222619230 WARNING "src/lib/components/dashboard/DashboardShell.svelte" 40:4959 "Unused CSS selector \".header-route b\"\nhttps://svelte.dev/e/css_unused_selector"
1791222619230 WARNING "src/lib/components/dashboard/GaugeRing.svelte" 6:13 "This reference only captures the initial value of `size`. Did you mean to reference it inside a closure instead?\nhttps://svelte.dev/e/state_referenced_locally"
1791222619230 WARNING "src/lib/components/dashboard/GaugeRing.svelte" 6:20 "This reference only captures the initial value of `stroke`. Did you mean to reference it inside a closure instead?\nhttps://svelte.dev/e/state_referenced_locally"
1791222619230 WARNING "src/lib/components/dashboard/GaugeRing.svelte" 8:38 "This reference only captures the initial value of `value`. Did you mean to reference it inside a closure instead?\nhttps://svelte.dev/e/state_referenced_locally"
1791222619230 WARNING "src/lib/components/dashboard/GaugeRing.svelte" 8:46 "This reference only captures the initial value of `max`. Did you mean to reference it inside a closure instead?\nhttps://svelte.dev/e/state_referenced_locally"
1791222619231 WARNING "src/routes/+page.svelte" 565:2 "Unused CSS selector \".section-bg img\"\nhttps://svelte.dev/e/css_unused_selector"
1791222619231 WARNING "src/routes/+page.svelte" 578:10 "Unused CSS selector \"h3\"\nhttps://svelte.dev/e/css_unused_selector"
1791222619231 WARNING "src/routes/+page.svelte" 591:2 "Unused CSS selector \".glass-panel-sm\"\nhttps://svelte.dev/e/css_unused_selector"
1791222619231 WARNING "src/routes/+page.svelte" 592:2 "Unused CSS selector \".card-light\"\nhttps://svelte.dev/e/css_unused_selector"
1791222619231 WARNING "src/routes/+page.svelte" 599:2 "Unused CSS selector \".section-light .button--light\"\nhttps://svelte.dev/e/css_unused_selector"
1791222619231 WARNING "src/routes/+page.svelte" 600:2 "Unused CSS selector \".section-light .button--light:hover\"\nhttps://svelte.dev/e/css_unused_selector"
1791222619231 WARNING "src/routes/+page.svelte" 601:2 "Unused CSS selector \".button--dark\"\nhttps://svelte.dev/e/css_unused_selector"
1791222619231 WARNING "src/routes/+page.svelte" 602:2 "Unused CSS selector \".button--dark:hover\"\nhttps://svelte.dev/e/css_unused_selector"
1791222619231 WARNING "src/routes/+page.svelte" 674:2 "Unused CSS selector \".hero__device-label\"\nhttps://svelte.dev/e/css_unused_selector"
1791222619231 WARNING "src/routes/+page.svelte" 675:2 "Unused CSS selector \".hero__device-label--one\"\nhttps://svelte.dev/e/css_unused_selector"
1791222619231 WARNING "src/routes/+page.svelte" 676:2 "Unused CSS selector \".hero__device-label--two\"\nhttps://svelte.dev/e/css_unused_selector"
1791222619231 WARNING "src/routes/+page.svelte" 677:2 "Unused CSS selector \".hero__device-label--three\"\nhttps://svelte.dev/e/css_unused_selector"
1791222619231 WARNING "src/routes/+page.svelte" 679:2 "Unused CSS selector \".signal-dot\"\nhttps://svelte.dev/e/css_unused_selector"
1791222619231 WARNING "src/routes/+page.svelte" 680:2 "Unused CSS selector \".neon-blue\"\nhttps://svelte.dev/e/css_unused_selector"
1791222619231 WARNING "src/routes/+page.svelte" 756:2 "Unused CSS selector \".signals__grid\"\nhttps://svelte.dev/e/css_unused_selector"
1791222619231 WARNING "src/routes/+page.svelte" 757:2 "Unused CSS selector \".signal-main\"\nhttps://svelte.dev/e/css_unused_selector"
1791222619231 WARNING "src/routes/+page.svelte" 758:2 "Unused CSS selector \".signal-main__header\"\nhttps://svelte.dev/e/css_unused_selector"
1791222619231 WARNING "src/routes/+page.svelte" 759:2 "Unused CSS selector \".signal-label\"\nhttps://svelte.dev/e/css_unused_selector"
1791222619231 WARNING "src/routes/+page.svelte" 760:2 "Unused CSS selector \".signal-main h3\"\nhttps://svelte.dev/e/css_unused_selector"
1791222619231 WARNING "src/routes/+page.svelte" 762:2 "Unused CSS selector \".live-pill\"\nhttps://svelte.dev/e/css_unused_selector"
1791222619231 WARNING "src/routes/+page.svelte" 764:2 "Unused CSS selector \".signal-main__wave\"\nhttps://svelte.dev/e/css_unused_selector"
1791222619232 WARNING "src/routes/+page.svelte" 766:2 "Unused CSS selector \".signal-main__footer\"\nhttps://svelte.dev/e/css_unused_selector"
1791222619232 WARNING "src/routes/+page.svelte" 768:2 "Unused CSS selector \".signal-stack\"\nhttps://svelte.dev/e/css_unused_selector"
1791222619232 WARNING "src/routes/+page.svelte" 769:2 "Unused CSS selector \".signal-list-item\"\nhttps://svelte.dev/e/css_unused_selector"
1791222619232 WARNING "src/routes/+page.svelte" 770:2 "Unused CSS selector \".signal-list-item:last-child\"\nhttps://svelte.dev/e/css_unused_selector"
1791222619232 WARNING "src/routes/+page.svelte" 771:2 "Unused CSS selector \".signal-list-item__number\"\nhttps://svelte.dev/e/css_unused_selector"
1791222619232 WARNING "src/routes/+page.svelte" 772:2 "Unused CSS selector \".signal-list-item__copy strong\"\nhttps://svelte.dev/e/css_unused_selector"
1791222619232 WARNING "src/routes/+page.svelte" 773:2 "Unused CSS selector \".signal-list-item__copy span\"\nhttps://svelte.dev/e/css_unused_selector"
1791222619232 WARNING "src/routes/+page.svelte" 774:2 "Unused CSS selector \".signal-list-item code\"\nhttps://svelte.dev/e/css_unused_selector"
1791222619232 WARNING "src/routes/+page.svelte" 837:2 "Unused CSS selector \".system__architecture\"\nhttps://svelte.dev/e/css_unused_selector"
1791222619232 WARNING "src/routes/+page.svelte" 838:2 "Unused CSS selector \".system-layer\"\nhttps://svelte.dev/e/css_unused_selector"
1791222619232 WARNING "src/routes/+page.svelte" 839:2 "Unused CSS selector \".system-layer > span\"\nhttps://svelte.dev/e/css_unused_selector"
1791222619232 WARNING "src/routes/+page.svelte" 840:2 "Unused CSS selector \".system-layer strong\"\nhttps://svelte.dev/e/css_unused_selector"
1791222619232 WARNING "src/routes/+page.svelte" 841:2 "Unused CSS selector \".system-layer small\"\nhttps://svelte.dev/e/css_unused_selector"
1791222619232 WARNING "src/routes/+page.svelte" 842:2 "Unused CSS selector \".system-layer--accent\"\nhttps://svelte.dev/e/css_unused_selector"
1791222619232 WARNING "src/routes/+page.svelte" 843:2 "Unused CSS selector \".system-layer--terminal\"\nhttps://svelte.dev/e/css_unused_selector"
1791222619232 WARNING "src/routes/+page.svelte" 844:2 "Unused CSS selector \".system-connector\"\nhttps://svelte.dev/e/css_unused_selector"
1791222619232 WARNING "src/routes/+page.svelte" 846:2 "Unused CSS selector \".system__globe\"\nhttps://svelte.dev/e/css_unused_selector"
1791222619232 WARNING "src/routes/+page.svelte" 847:2 "Unused CSS selector \".system__globe-copy\"\nhttps://svelte.dev/e/css_unused_selector"
1791222619232 WARNING "src/routes/+page.svelte" 848:2 "Unused CSS selector \".system__globe-copy span\"\nhttps://svelte.dev/e/css_unused_selector"
1791222619232 WARNING "src/routes/+page.svelte" 849:2 "Unused CSS selector \".system__globe-copy h3\"\nhttps://svelte.dev/e/css_unused_selector"
1791222619232 WARNING "src/routes/+page.svelte" 850:2 "Unused CSS selector \".globe\"\nhttps://svelte.dev/e/css_unused_selector"
1791222619232 WARNING "src/routes/+page.svelte" 859:2 "Unused CSS selector \".product__preview\"\nhttps://svelte.dev/e/css_unused_selector"
1791222619232 WARNING "src/routes/+page.svelte" 860:2 "Unused CSS selector \".product__chrome\"\nhttps://svelte.dev/e/css_unused_selector"
1791222619232 WARNING "src/routes/+page.svelte" 861:2 "Unused CSS selector \".product__chrome > span:last-child\"\nhttps://svelte.dev/e/css_unused_selector"
1791222619232 WARNING "src/routes/+page.svelte" 862:2 "Unused CSS selector \".chrome-dots\"\nhttps://svelte.dev/e/css_unused_selector"
1791222619232 WARNING "src/routes/+page.svelte" 863:2 "Unused CSS selector \".chrome-dots span\"\nhttps://svelte.dev/e/css_unused_selector"
1791222619232 WARNING "src/routes/+page.svelte" 864:2 "Unused CSS selector \".chrome-dots span:nth-child(1)\"\nhttps://svelte.dev/e/css_unused_selector"
1791222619232 WARNING "src/routes/+page.svelte" 865:2 "Unused CSS selector \".chrome-dots span:nth-child(2)\"\nhttps://svelte.dev/e/css_unused_selector"
1791222619232 WARNING "src/routes/+page.svelte" 866:2 "Unused CSS selector \".chrome-dots span:nth-child(3)\"\nhttps://svelte.dev/e/css_unused_selector"
1791222619232 WARNING "src/routes/+page.svelte" 868:2 "Unused CSS selector \".live-indicator\"\nhttps://svelte.dev/e/css_unused_selector"
1791222619232 WARNING "src/routes/+page.svelte" 870:2 "Unused CSS selector \".product__screen\"\nhttps://svelte.dev/e/css_unused_selector"
1791222619232 WARNING "src/routes/+page.svelte" 871:2 "Unused CSS selector \".monitor-copy span\"\nhttps://svelte.dev/e/css_unused_selector"
1791222619232 WARNING "src/routes/+page.svelte" 872:2 "Unused CSS selector \".monitor-copy h3\"\nhttps://svelte.dev/e/css_unused_selector"
1791222619232 WARNING "src/routes/+page.svelte" 873:2 "Unused CSS selector \".monitor-copy p\"\nhttps://svelte.dev/e/css_unused_selector"
1791222619232 WARNING "src/routes/+page.svelte" 875:2 "Unused CSS selector \".monitor-vitals\"\nhttps://svelte.dev/e/css_unused_selector"
1791222619232 WARNING "src/routes/+page.svelte" 876:2 "Unused CSS selector \".vital-card\"\nhttps://svelte.dev/e/css_unused_selector"
1791222619232 WARNING "src/routes/+page.svelte" 877:2 "Unused CSS selector \".vital-card span\"\nhttps://svelte.dev/e/css_unused_selector"
1791222619232 WARNING "src/routes/+page.svelte" 878:2 "Unused CSS selector \".ticker-value\"\nhttps://svelte.dev/e/css_unused_selector"
1791222619232 WARNING "src/routes/+page.svelte" 879:2 "Unused CSS selector \".ticker-value :global(span)\"\nhttps://svelte.dev/e/css_unused_selector"
1791222619232 WARNING "src/routes/+page.svelte" 880:2 "Unused CSS selector \".ticker-value small\"\nhttps://svelte.dev/e/css_unused_selector"
1791222619232 WARNING "src/routes/+page.svelte" 882:2 "Unused CSS selector \".monitor-wave\"\nhttps://svelte.dev/e/css_unused_selector"
1791222619232 WARNING "src/routes/+page.svelte" 883:2 "Unused CSS selector \".product__cta\"\nhttps://svelte.dev/e/css_unused_selector"
1791222619232 WARNING "src/routes/+page.svelte" 924:3 "Unused CSS selector \".signals__grid\"\nhttps://svelte.dev/e/css_unused_selector"
1791222619232 WARNING "src/routes/+page.svelte" 925:3 "Unused CSS selector \".system__architecture\"\nhttps://svelte.dev/e/css_unused_selector"
1791222619232 WARNING "src/routes/+page.svelte" 926:3 "Unused CSS selector \".system-connector\"\nhttps://svelte.dev/e/css_unused_selector"
1791222619232 WARNING "src/routes/+page.svelte" 928:3 "Unused CSS selector \".system__globe\"\nhttps://svelte.dev/e/css_unused_selector"
1791222619232 WARNING "src/routes/+page.svelte" 929:3 "Unused CSS selector \".globe\"\nhttps://svelte.dev/e/css_unused_selector"
1791222619232 WARNING "src/routes/+page.svelte" 954:3 "Unused CSS selector \".signal-main\"\nhttps://svelte.dev/e/css_unused_selector"
1791222619232 WARNING "src/routes/+page.svelte" 955:3 "Unused CSS selector \".signal-main__header\"\nhttps://svelte.dev/e/css_unused_selector"
1791222619232 WARNING "src/routes/+page.svelte" 956:3 "Unused CSS selector \".signal-main__footer\"\nhttps://svelte.dev/e/css_unused_selector"
1791222619232 WARNING "src/routes/+page.svelte" 957:3 "Unused CSS selector \".signal-stack\"\nhttps://svelte.dev/e/css_unused_selector"
1791222619232 WARNING "src/routes/+page.svelte" 965:3 "Unused CSS selector \".product__screen\"\nhttps://svelte.dev/e/css_unused_selector"
1791222619232 WARNING "src/routes/+page.svelte" 966:3 "Unused CSS selector \".monitor-vitals\"\nhttps://svelte.dev/e/css_unused_selector"
1791222619232 WARNING "src/routes/+page.svelte" 967:3 "Unused CSS selector \".monitor-wave\"\nhttps://svelte.dev/e/css_unused_selector"
1791222619232 WARNING "src/routes/[...path]/+page.svelte" 7:6 "This reference only captures the initial value of `route`. Did you mean to reference it inside a closure instead?\nhttps://svelte.dev/e/state_referenced_locally"
1791222619232 WARNING "src/routes/[...path]/+page.svelte" 7:60 "This reference only captures the initial value of `route`. Did you mean to reference it inside a closure instead?\nhttps://svelte.dev/e/state_referenced_locally"
1791222619232 WARNING "src/routes/[...path]/+page.svelte" 24:500 "Unused CSS selector \"pre\"\nhttps://svelte.dev/e/css_unused_selector"
1791222619232 WARNING "src/routes/[...path]/+page.svelte" 24:705 "Unused CSS selector \".data-state\"\nhttps://svelte.dev/e/css_unused_selector"
1791222619232 WARNING "src/routes/[...path]/+page.svelte" 24:816 "Unused CSS selector \".data-state--error\"\nhttps://svelte.dev/e/css_unused_selector"
1791222619232 WARNING "src/routes/ai/insights/+page.svelte" 13:1428 "Unused CSS selector \".grid.top>:first-child\"\nhttps://svelte.dev/e/css_unused_selector"
1791222619232 WARNING "src/routes/ai/insights/+page.svelte" 13:1552 "Unused CSS selector \".grid.top>:first-child\"\nhttps://svelte.dev/e/css_unused_selector"
1791222619232 COMPLETED 5723 FILES 0 ERRORS 112 WARNINGS 6 FILES_WITH_PROBLEMS
exit=0
