
> nhm-frontend@0.1.0 check
> svelte-kit sync && svelte-check --tsconfig ./tsconfig.json

1791207648815 START "/Users/Home/Downloads/miniproject/frontend"
1791207648817 WARNING "src/lib/components/dashboard/MultiLine.svelte" 19:21 "This reference only captures the initial value of `height`. Did you mean to reference it inside a closure instead?\nhttps://svelte.dev/e/state_referenced_locally"
1791207648822 WARNING "src/lib/components/dashboard/DashboardShell.svelte" 40:533 "Unused CSS selector \".brand-mark\"\nhttps://svelte.dev/e/css_unused_selector"
1791207648822 WARNING "src/lib/components/dashboard/DashboardShell.svelte" 40:688 "Unused CSS selector \".brand-mark:before\"\nhttps://svelte.dev/e/css_unused_selector"
1791207648822 WARNING "src/lib/components/dashboard/DashboardShell.svelte" 40:707 "Unused CSS selector \".brand-mark:after\"\nhttps://svelte.dev/e/css_unused_selector"
1791207648822 WARNING "src/lib/components/dashboard/DashboardShell.svelte" 40:773 "Unused CSS selector \".brand-mark:before\"\nhttps://svelte.dev/e/css_unused_selector"
1791207648822 WARNING "src/lib/components/dashboard/DashboardShell.svelte" 40:833 "Unused CSS selector \".brand-mark:after\"\nhttps://svelte.dev/e/css_unused_selector"
1791207648822 WARNING "src/lib/components/dashboard/DashboardShell.svelte" 40:892 "Unused CSS selector \".brand-mark i\"\nhttps://svelte.dev/e/css_unused_selector"
1791207648822 WARNING "src/lib/components/dashboard/DashboardShell.svelte" 40:971 "Unused CSS selector \".brand-mark b\"\nhttps://svelte.dev/e/css_unused_selector"
1791207648822 WARNING "src/lib/components/dashboard/DashboardShell.svelte" 40:1040 "Unused CSS selector \".brand-copy\"\nhttps://svelte.dev/e/css_unused_selector"
1791207648822 WARNING "src/lib/components/dashboard/DashboardShell.svelte" 40:1073 "Unused CSS selector \".brand-copy strong\"\nhttps://svelte.dev/e/css_unused_selector"
1791207648822 WARNING "src/lib/components/dashboard/DashboardShell.svelte" 40:1154 "Unused CSS selector \".brand-copy small\"\nhttps://svelte.dev/e/css_unused_selector"
1791207648822 WARNING "src/lib/components/dashboard/DashboardShell.svelte" 40:1334 "Unused CSS selector \".nav-caption span\"\nhttps://svelte.dev/e/css_unused_selector"
1791207648822 WARNING "src/lib/components/dashboard/DashboardShell.svelte" 40:2372 "Unused CSS selector \".edge-card\"\nhttps://svelte.dev/e/css_unused_selector"
1791207648822 WARNING "src/lib/components/dashboard/DashboardShell.svelte" 40:2476 "Unused CSS selector \".edge-head\"\nhttps://svelte.dev/e/css_unused_selector"
1791207648822 WARNING "src/lib/components/dashboard/DashboardShell.svelte" 40:2487 "Unused CSS selector \".edge-vitals\"\nhttps://svelte.dev/e/css_unused_selector"
1791207648822 WARNING "src/lib/components/dashboard/DashboardShell.svelte" 40:2562 "Unused CSS selector \".edge-head span\"\nhttps://svelte.dev/e/css_unused_selector"
1791207648822 WARNING "src/lib/components/dashboard/DashboardShell.svelte" 40:2578 "Unused CSS selector \".edge-vitals\"\nhttps://svelte.dev/e/css_unused_selector"
1791207648822 WARNING "src/lib/components/dashboard/DashboardShell.svelte" 40:2661 "Unused CSS selector \".edge-head b\"\nhttps://svelte.dev/e/css_unused_selector"
1791207648822 WARNING "src/lib/components/dashboard/DashboardShell.svelte" 40:2724 "Unused CSS selector \".edge-card svg\"\nhttps://svelte.dev/e/css_unused_selector"
1791207648822 WARNING "src/lib/components/dashboard/DashboardShell.svelte" 40:2779 "Unused CSS selector \".edge-card polyline\"\nhttps://svelte.dev/e/css_unused_selector"
1791207648822 WARNING "src/lib/components/dashboard/DashboardShell.svelte" 40:2912 "Unused CSS selector \".edge-vitals i\"\nhttps://svelte.dev/e/css_unused_selector"
1791207648822 WARNING "src/lib/components/dashboard/DashboardShell.svelte" 40:3876 "Unused CSS selector \".header-route i\"\nhttps://svelte.dev/e/css_unused_selector"
1791207648822 WARNING "src/lib/components/dashboard/DashboardShell.svelte" 40:3933 "Unused CSS selector \".header-route b\"\nhttps://svelte.dev/e/css_unused_selector"
1791207648822 WARNING "src/lib/components/dashboard/DashboardShell.svelte" 40:4114 "Unused CSS selector \".header-readouts small\"\nhttps://svelte.dev/e/css_unused_selector"
1791207648823 WARNING "src/lib/components/dashboard/DashboardShell.svelte" 40:4943 "Unused CSS selector \".header-route i\"\nhttps://svelte.dev/e/css_unused_selector"
1791207648823 WARNING "src/lib/components/dashboard/DashboardShell.svelte" 40:4959 "Unused CSS selector \".header-route b\"\nhttps://svelte.dev/e/css_unused_selector"
1791207648823 WARNING "src/lib/components/dashboard/GaugeRing.svelte" 6:13 "This reference only captures the initial value of `size`. Did you mean to reference it inside a closure instead?\nhttps://svelte.dev/e/state_referenced_locally"
1791207648823 WARNING "src/lib/components/dashboard/GaugeRing.svelte" 6:20 "This reference only captures the initial value of `stroke`. Did you mean to reference it inside a closure instead?\nhttps://svelte.dev/e/state_referenced_locally"
1791207648823 WARNING "src/lib/components/dashboard/GaugeRing.svelte" 8:38 "This reference only captures the initial value of `value`. Did you mean to reference it inside a closure instead?\nhttps://svelte.dev/e/state_referenced_locally"
1791207648823 WARNING "src/lib/components/dashboard/GaugeRing.svelte" 8:46 "This reference only captures the initial value of `max`. Did you mean to reference it inside a closure instead?\nhttps://svelte.dev/e/state_referenced_locally"
1791207648824 WARNING "src/routes/+page.svelte" 591:10 "Unused CSS selector \"h3\"\nhttps://svelte.dev/e/css_unused_selector"
1791207648824 WARNING "src/routes/+page.svelte" 604:2 "Unused CSS selector \".glass-panel-sm\"\nhttps://svelte.dev/e/css_unused_selector"
1791207648824 WARNING "src/routes/+page.svelte" 605:2 "Unused CSS selector \".card-light\"\nhttps://svelte.dev/e/css_unused_selector"
1791207648824 WARNING "src/routes/+page.svelte" 612:2 "Unused CSS selector \".section-light .button--light\"\nhttps://svelte.dev/e/css_unused_selector"
1791207648824 WARNING "src/routes/+page.svelte" 613:2 "Unused CSS selector \".section-light .button--light:hover\"\nhttps://svelte.dev/e/css_unused_selector"
1791207648824 WARNING "src/routes/+page.svelte" 614:2 "Unused CSS selector \".button--dark\"\nhttps://svelte.dev/e/css_unused_selector"
1791207648824 WARNING "src/routes/+page.svelte" 615:2 "Unused CSS selector \".button--dark:hover\"\nhttps://svelte.dev/e/css_unused_selector"
1791207648824 WARNING "src/routes/+page.svelte" 687:2 "Unused CSS selector \".hero__device-label\"\nhttps://svelte.dev/e/css_unused_selector"
1791207648824 WARNING "src/routes/+page.svelte" 688:2 "Unused CSS selector \".hero__device-label--one\"\nhttps://svelte.dev/e/css_unused_selector"
1791207648824 WARNING "src/routes/+page.svelte" 689:2 "Unused CSS selector \".hero__device-label--two\"\nhttps://svelte.dev/e/css_unused_selector"
1791207648824 WARNING "src/routes/+page.svelte" 690:2 "Unused CSS selector \".hero__device-label--three\"\nhttps://svelte.dev/e/css_unused_selector"
1791207648824 WARNING "src/routes/+page.svelte" 692:2 "Unused CSS selector \".signal-dot\"\nhttps://svelte.dev/e/css_unused_selector"
1791207648824 WARNING "src/routes/+page.svelte" 693:2 "Unused CSS selector \".neon-blue\"\nhttps://svelte.dev/e/css_unused_selector"
1791207648824 WARNING "src/routes/+page.svelte" 769:2 "Unused CSS selector \".signals__grid\"\nhttps://svelte.dev/e/css_unused_selector"
1791207648824 WARNING "src/routes/+page.svelte" 770:2 "Unused CSS selector \".signal-main\"\nhttps://svelte.dev/e/css_unused_selector"
1791207648824 WARNING "src/routes/+page.svelte" 771:2 "Unused CSS selector \".signal-main__header\"\nhttps://svelte.dev/e/css_unused_selector"
1791207648824 WARNING "src/routes/+page.svelte" 772:2 "Unused CSS selector \".signal-label\"\nhttps://svelte.dev/e/css_unused_selector"
1791207648824 WARNING "src/routes/+page.svelte" 773:2 "Unused CSS selector \".signal-main h3\"\nhttps://svelte.dev/e/css_unused_selector"
1791207648824 WARNING "src/routes/+page.svelte" 775:2 "Unused CSS selector \".live-pill\"\nhttps://svelte.dev/e/css_unused_selector"
1791207648824 WARNING "src/routes/+page.svelte" 777:2 "Unused CSS selector \".signal-main__wave\"\nhttps://svelte.dev/e/css_unused_selector"
1791207648824 WARNING "src/routes/+page.svelte" 779:2 "Unused CSS selector \".signal-main__footer\"\nhttps://svelte.dev/e/css_unused_selector"
1791207648824 WARNING "src/routes/+page.svelte" 781:2 "Unused CSS selector \".signal-stack\"\nhttps://svelte.dev/e/css_unused_selector"
1791207648824 WARNING "src/routes/+page.svelte" 782:2 "Unused CSS selector \".signal-list-item\"\nhttps://svelte.dev/e/css_unused_selector"
1791207648824 WARNING "src/routes/+page.svelte" 783:2 "Unused CSS selector \".signal-list-item:last-child\"\nhttps://svelte.dev/e/css_unused_selector"
1791207648824 WARNING "src/routes/+page.svelte" 784:2 "Unused CSS selector \".signal-list-item__number\"\nhttps://svelte.dev/e/css_unused_selector"
1791207648824 WARNING "src/routes/+page.svelte" 785:2 "Unused CSS selector \".signal-list-item__copy strong\"\nhttps://svelte.dev/e/css_unused_selector"
1791207648824 WARNING "src/routes/+page.svelte" 786:2 "Unused CSS selector \".signal-list-item__copy span\"\nhttps://svelte.dev/e/css_unused_selector"
1791207648824 WARNING "src/routes/+page.svelte" 787:2 "Unused CSS selector \".signal-list-item code\"\nhttps://svelte.dev/e/css_unused_selector"
1791207648824 WARNING "src/routes/+page.svelte" 850:2 "Unused CSS selector \".system__architecture\"\nhttps://svelte.dev/e/css_unused_selector"
1791207648824 WARNING "src/routes/+page.svelte" 851:2 "Unused CSS selector \".system-layer\"\nhttps://svelte.dev/e/css_unused_selector"
1791207648824 WARNING "src/routes/+page.svelte" 852:2 "Unused CSS selector \".system-layer > span\"\nhttps://svelte.dev/e/css_unused_selector"
1791207648824 WARNING "src/routes/+page.svelte" 853:2 "Unused CSS selector \".system-layer strong\"\nhttps://svelte.dev/e/css_unused_selector"
1791207648824 WARNING "src/routes/+page.svelte" 854:2 "Unused CSS selector \".system-layer small\"\nhttps://svelte.dev/e/css_unused_selector"
1791207648824 WARNING "src/routes/+page.svelte" 855:2 "Unused CSS selector \".system-layer--accent\"\nhttps://svelte.dev/e/css_unused_selector"
1791207648824 WARNING "src/routes/+page.svelte" 856:2 "Unused CSS selector \".system-layer--terminal\"\nhttps://svelte.dev/e/css_unused_selector"
1791207648824 WARNING "src/routes/+page.svelte" 857:2 "Unused CSS selector \".system-connector\"\nhttps://svelte.dev/e/css_unused_selector"
1791207648824 WARNING "src/routes/+page.svelte" 859:2 "Unused CSS selector \".system__globe\"\nhttps://svelte.dev/e/css_unused_selector"
1791207648824 WARNING "src/routes/+page.svelte" 860:2 "Unused CSS selector \".system__globe-copy\"\nhttps://svelte.dev/e/css_unused_selector"
1791207648824 WARNING "src/routes/+page.svelte" 861:2 "Unused CSS selector \".system__globe-copy span\"\nhttps://svelte.dev/e/css_unused_selector"
1791207648824 WARNING "src/routes/+page.svelte" 862:2 "Unused CSS selector \".system__globe-copy h3\"\nhttps://svelte.dev/e/css_unused_selector"
1791207648824 WARNING "src/routes/+page.svelte" 863:2 "Unused CSS selector \".globe\"\nhttps://svelte.dev/e/css_unused_selector"
1791207648824 WARNING "src/routes/+page.svelte" 872:2 "Unused CSS selector \".product__preview\"\nhttps://svelte.dev/e/css_unused_selector"
1791207648824 WARNING "src/routes/+page.svelte" 873:2 "Unused CSS selector \".product__chrome\"\nhttps://svelte.dev/e/css_unused_selector"
1791207648824 WARNING "src/routes/+page.svelte" 874:2 "Unused CSS selector \".product__chrome > span:last-child\"\nhttps://svelte.dev/e/css_unused_selector"
1791207648824 WARNING "src/routes/+page.svelte" 875:2 "Unused CSS selector \".chrome-dots\"\nhttps://svelte.dev/e/css_unused_selector"
1791207648824 WARNING "src/routes/+page.svelte" 876:2 "Unused CSS selector \".chrome-dots span\"\nhttps://svelte.dev/e/css_unused_selector"
1791207648824 WARNING "src/routes/+page.svelte" 877:2 "Unused CSS selector \".chrome-dots span:nth-child(1)\"\nhttps://svelte.dev/e/css_unused_selector"
1791207648824 WARNING "src/routes/+page.svelte" 878:2 "Unused CSS selector \".chrome-dots span:nth-child(2)\"\nhttps://svelte.dev/e/css_unused_selector"
1791207648824 WARNING "src/routes/+page.svelte" 879:2 "Unused CSS selector \".chrome-dots span:nth-child(3)\"\nhttps://svelte.dev/e/css_unused_selector"
1791207648824 WARNING "src/routes/+page.svelte" 881:2 "Unused CSS selector \".live-indicator\"\nhttps://svelte.dev/e/css_unused_selector"
1791207648824 WARNING "src/routes/+page.svelte" 883:2 "Unused CSS selector \".product__screen\"\nhttps://svelte.dev/e/css_unused_selector"
1791207648824 WARNING "src/routes/+page.svelte" 884:2 "Unused CSS selector \".monitor-copy span\"\nhttps://svelte.dev/e/css_unused_selector"
1791207648824 WARNING "src/routes/+page.svelte" 885:2 "Unused CSS selector \".monitor-copy h3\"\nhttps://svelte.dev/e/css_unused_selector"
1791207648824 WARNING "src/routes/+page.svelte" 886:2 "Unused CSS selector \".monitor-copy p\"\nhttps://svelte.dev/e/css_unused_selector"
1791207648824 WARNING "src/routes/+page.svelte" 888:2 "Unused CSS selector \".monitor-vitals\"\nhttps://svelte.dev/e/css_unused_selector"
1791207648824 WARNING "src/routes/+page.svelte" 889:2 "Unused CSS selector \".vital-card\"\nhttps://svelte.dev/e/css_unused_selector"
1791207648824 WARNING "src/routes/+page.svelte" 890:2 "Unused CSS selector \".vital-card span\"\nhttps://svelte.dev/e/css_unused_selector"
1791207648824 WARNING "src/routes/+page.svelte" 891:2 "Unused CSS selector \".ticker-value\"\nhttps://svelte.dev/e/css_unused_selector"
1791207648824 WARNING "src/routes/+page.svelte" 892:2 "Unused CSS selector \".ticker-value :global(span)\"\nhttps://svelte.dev/e/css_unused_selector"
1791207648824 WARNING "src/routes/+page.svelte" 893:2 "Unused CSS selector \".ticker-value small\"\nhttps://svelte.dev/e/css_unused_selector"
1791207648824 WARNING "src/routes/+page.svelte" 895:2 "Unused CSS selector \".monitor-wave\"\nhttps://svelte.dev/e/css_unused_selector"
1791207648824 WARNING "src/routes/+page.svelte" 896:2 "Unused CSS selector \".product__cta\"\nhttps://svelte.dev/e/css_unused_selector"
1791207648824 WARNING "src/routes/+page.svelte" 937:3 "Unused CSS selector \".signals__grid\"\nhttps://svelte.dev/e/css_unused_selector"
1791207648824 WARNING "src/routes/+page.svelte" 938:3 "Unused CSS selector \".system__architecture\"\nhttps://svelte.dev/e/css_unused_selector"
1791207648824 WARNING "src/routes/+page.svelte" 939:3 "Unused CSS selector \".system-connector\"\nhttps://svelte.dev/e/css_unused_selector"
1791207648824 WARNING "src/routes/+page.svelte" 941:3 "Unused CSS selector \".system__globe\"\nhttps://svelte.dev/e/css_unused_selector"
1791207648824 WARNING "src/routes/+page.svelte" 942:3 "Unused CSS selector \".globe\"\nhttps://svelte.dev/e/css_unused_selector"
1791207648824 WARNING "src/routes/+page.svelte" 967:3 "Unused CSS selector \".signal-main\"\nhttps://svelte.dev/e/css_unused_selector"
1791207648824 WARNING "src/routes/+page.svelte" 968:3 "Unused CSS selector \".signal-main__header\"\nhttps://svelte.dev/e/css_unused_selector"
1791207648824 WARNING "src/routes/+page.svelte" 969:3 "Unused CSS selector \".signal-main__footer\"\nhttps://svelte.dev/e/css_unused_selector"
1791207648824 WARNING "src/routes/+page.svelte" 970:3 "Unused CSS selector \".signal-stack\"\nhttps://svelte.dev/e/css_unused_selector"
1791207648824 WARNING "src/routes/+page.svelte" 978:3 "Unused CSS selector \".product__screen\"\nhttps://svelte.dev/e/css_unused_selector"
1791207648824 WARNING "src/routes/+page.svelte" 979:3 "Unused CSS selector \".monitor-vitals\"\nhttps://svelte.dev/e/css_unused_selector"
1791207648824 WARNING "src/routes/+page.svelte" 980:3 "Unused CSS selector \".monitor-wave\"\nhttps://svelte.dev/e/css_unused_selector"
1791207648824 WARNING "src/routes/[...path]/+page.svelte" 7:6 "This reference only captures the initial value of `route`. Did you mean to reference it inside a closure instead?\nhttps://svelte.dev/e/state_referenced_locally"
1791207648824 WARNING "src/routes/[...path]/+page.svelte" 7:60 "This reference only captures the initial value of `route`. Did you mean to reference it inside a closure instead?\nhttps://svelte.dev/e/state_referenced_locally"
1791207648824 WARNING "src/routes/[...path]/+page.svelte" 24:500 "Unused CSS selector \"pre\"\nhttps://svelte.dev/e/css_unused_selector"
1791207648824 WARNING "src/routes/[...path]/+page.svelte" 24:705 "Unused CSS selector \".data-state\"\nhttps://svelte.dev/e/css_unused_selector"
1791207648824 WARNING "src/routes/[...path]/+page.svelte" 24:816 "Unused CSS selector \".data-state--error\"\nhttps://svelte.dev/e/css_unused_selector"
1791207648824 WARNING "src/routes/ai/insights/+page.svelte" 13:1428 "Unused CSS selector \".grid.top>:first-child\"\nhttps://svelte.dev/e/css_unused_selector"
1791207648824 WARNING "src/routes/ai/insights/+page.svelte" 13:1552 "Unused CSS selector \".grid.top>:first-child\"\nhttps://svelte.dev/e/css_unused_selector"
1791207648824 WARNING "src/routes/monitor/+page.svelte" 6:6 "`systemStatus` is updated, but is not declared with `$state(...)`. Changing its value will not correctly trigger updates\nhttps://svelte.dev/e/non_reactive_update"
1791207648824 WARNING "src/routes/monitor/+page.svelte" 7:6 "`statusError` is updated, but is not declared with `$state(...)`. Changing its value will not correctly trigger updates\nhttps://svelte.dev/e/non_reactive_update"
1791207648824 WARNING "src/routes/monitor/+page.svelte" 8:6 "`liveStatus` is updated, but is not declared with `$state(...)`. Changing its value will not correctly trigger updates\nhttps://svelte.dev/e/non_reactive_update"
1791207648824 WARNING "src/routes/monitor/+page.svelte" 87:1494 "Unused CSS selector \".wave\"\nhttps://svelte.dev/e/css_unused_selector"
1791207648824 WARNING "src/routes/monitor/+page.svelte" 87:1605 "Unused CSS selector \".wave--ecg\"\nhttps://svelte.dev/e/css_unused_selector"
1791207648824 WARNING "src/routes/monitor/+page.svelte" 87:1806 "Unused CSS selector \".wave--ppg\"\nhttps://svelte.dev/e/css_unused_selector"
1791207648824 WARNING "src/routes/monitor/+page.svelte" 87:2025 "Unused CSS selector \".metric em\"\nhttps://svelte.dev/e/css_unused_selector"
1791207648824 COMPLETED 5671 FILES 0 ERRORS 118 WARNINGS 7 FILES_WITH_PROBLEMS
exit=0
